[www.myzappify.com/g2/en/indexd178.html]
[backblue.gif]
[fade.gif]
[index.html]
[www.myzappify.com/g2/en/assets/image/aa6d2ce0-f3c4-4c9d-9f7c-3b61f962d1c0/65f3b3f915d64d0d58f17444/e8bcf3b1-e213-4497-ab48-eb17952e286b/favicon-7582d1b3-798b-4096-ae64-db073ccf3b82.png]
[www.myzappify.com/g2/en/assets/js/ctrwowUtils-v3.0.0.min1de2.js]
[www.myzappify.com/g2/en/assets/css/index1de2.css]
[www.myzappify.com/g2/en/assets/image/aa6d2ce0-f3c4-4c9d-9f7c-3b61f962d1c0/65f3b3f915d64d0d58f17444/aff7649c-5dd5-4c55-add8-03a5d053486f/helvetica-bold.ttf]
[www.myzappify.com/g2/en/assets/image/584ea331-0cd2-4c48-85d9-737f9dddfa0b/6057ffee320ed30dfcfb719a/c8fa7189-e203-40e7-a4da-035746e2c40b/helvetica.ttf]
[www.myzappify.com/g2/en/assets/image/584ea331-0cd2-4c48-85d9-737f9dddfa0b/62aa95be1e6f07045c9f650e/e0743aac-a6ac-49dc-ad05-4ef634fa417c/helvetica-bold.otf]
[www.myzappify.com/g2/en/assets/image/584ea331-0cd2-4c48-85d9-737f9dddfa0b/62aa95be1e6f07045c9f650e/67893d60-bd93-435f-a706-3c606d46070f/helvetica.ttf]
[www.myzappify.com/g2/en/assets/js/CTR_FP_TRACKING-v2.9.2.min1de2.js]
[www.myzappify.com/g2/en/assets/image/aa6d2ce0-f3c4-4c9d-9f7c-3b61f962d1c0/65f3b3f915d64d0d58f17444/7b200ad5-7eeb-4558-917e-f2af2af3ecb3/bg-zapify2.jpg]
[www.myzappify.com/g2/en/order.html]
[www.myzappify.com/g2/en/assets/image/aa6d2ce0-f3c4-4c9d-9f7c-3b61f962d1c0/65f3b3f915d64d0d58f17444/f4b4806c-c156-40ce-ba58-2cba63d085ef/banner-mb1.jpg]
[www.myzappify.com/g2/en/terms.html]
[www.myzappify.com/g2/en/policy.html]
[www.myzappify.com/g2/en/contact-us.html]
[www.myzappify.com/g2/en/indexd178.html]
[www.myzappify.com/g2/en/assets/js/index1de2.js]
[www.myzappify.com/g2/en/assets/css/undefined]
[www.myzappify.com/g2/en/assets/css/index1de2.css]
[www.myzappify.com/g2/en/assets/image/584ea331-0cd2-4c48-85d9-737f9dddfa0b/6057ffee320ed30dfcfb719a/c8fa7189-e203-40e7-a4da-035746e2c40b/helvetica.html]
[www.myzappify.com/g2/en/assets/image/584ea331-0cd2-4c48-85d9-737f9dddfa0b/62aa95be1e6f07045c9f650e/e0743aac-a6ac-49dc-ad05-4ef634fa417c/helvetica-bold.html]
[www.myzappify.com/g2/en/assets/image/584ea331-0cd2-4c48-85d9-737f9dddfa0b/62aa95be1e6f07045c9f650e/67893d60-bd93-435f-a706-3c606d46070f/helvetica.html]
[www.myzappify.com/g2/en/assets/js/ctr_heatmap_tracking-v1.9.3.min.js]
[www.myzappify.com/g2/en/assets/js/ctrwowUtils-v3.0.0.min55b4.js]
[www.myzappify.com/g2/en/assets/css/order55b4.css]
[www.myzappify.com/g2/en/assets/image/584ea331-0cd2-4c48-85d9-737f9dddfa0b/65290a6fd60860148c888480/17701661-df1b-4807-9856-231ec327d7dc/avenirnextltpro-regular.otf]
[www.myzappify.com/g2/en/assets/image/584ea331-0cd2-4c48-85d9-737f9dddfa0b/65290a6fd60860148c888480/bff55712-f14a-4139-bb06-7965698d3f00/avenirnextltpro-medium.otf]
[www.myzappify.com/g2/en/assets/image/584ea331-0cd2-4c48-85d9-737f9dddfa0b/65290a6fd60860148c888480/fccbfd58-65ca-4cfa-ba61-d65f4710d1ff/avenirnextltpro-bold.otf]
[www.myzappify.com/g2/en/assets/image/584ea331-0cd2-4c48-85d9-737f9dddfa0b/6057ffee320ed30dfcfb719a/b3304523-8e5d-479f-bdf2-6c1e26f10fe2/avenirnext-demibold-03.ttf]
[www.myzappify.com/g2/en/assets/image/584ea331-0cd2-4c48-85d9-737f9dddfa0b/6057ffee320ed30dfcfb719a/d4813bb2-129c-4e21-ae08-71faa57f1e6b/avenir-next-regular.ttf]
[www.myzappify.com/g2/en/assets/image/aa6d2ce0-f3c4-4c9d-9f7c-3b61f962d1c0/65f3b3f915d64d0d58f17444/62c163a1-e28f-4f76-8e9d-f96ccff7fdeb/avenirnextltpro-regular.otf]
[www.myzappify.com/g2/en/assets/image/aa6d2ce0-f3c4-4c9d-9f7c-3b61f962d1c0/65f3b3f915d64d0d58f17444/2b374b03-724c-44a6-b964-b58d5ffc179c/roboto-bold.ttf]
[www.myzappify.com/g2/en/assets/image/aa6d2ce0-f3c4-4c9d-9f7c-3b61f962d1c0/65f3b3f915d64d0d58f17444/decc0d7e-4e87-4727-8e14-c8da3f4fb769/avenirnextltpro-bold.otf]
[www.myzappify.com/g2/en/assets/image/aa6d2ce0-f3c4-4c9d-9f7c-3b61f962d1c0/65f3b3f915d64d0d58f17444/67ddda48-cbbc-4dab-bd89-1ec4254898a8/helvetica-bold.otf]
[www.myzappify.com/g2/en/assets/image/aa6d2ce0-f3c4-4c9d-9f7c-3b61f962d1c0/65f3b3f915d64d0d58f17444/d6333a78-e437-4631-8b36-39ae7a0949d1/helvetica-bold.ttf]
[www.myzappify.com/g2/en/assets/image/aa6d2ce0-f3c4-4c9d-9f7c-3b61f962d1c0/65f3b3f915d64d0d58f17444/c16749cc-1bea-44f4-a41d-0f23ed188122/helvetica.ttf]
[www.myzappify.com/g2/en/assets/image/aa6d2ce0-f3c4-4c9d-9f7c-3b61f962d1c0/65f3b3f915d64d0d58f17444/bb085799-5647-4d8d-919f-0a56b81e5062/helvetica-bold.otf]
[www.myzappify.com/g2/en/assets/image/584ea331-0cd2-4c48-85d9-737f9dddfa0b/65290a6fd60860148c888480/c4b44828-ccfb-4ec9-bd88-0870d36631db/helvetica.ttf]
[www.myzappify.com/g2/en/assets/js/CTR_FP_TRACKING-v2.9.2.min55b4.js]
[www.myzappify.com/g2/en/affiliate.html]
[www.myzappify.com/g2/en/order.html]
[www.myzappify.com/g2/en/assets/js/order55b4.js]
[www.myzappify.com/g2/en/assets/js/ctrwowUtils-v3.0.0.min4403.js]
[www.myzappify.com/g2/en/assets/css/terms4403.css]
[www.myzappify.com/g2/en/assets/js/CTR_FP_TRACKING-v2.9.2.min4403.js]
[www.myzappify.com/g2/en/index.html]
[www.myzappify.com/g2/en/shipping-returns.html]
[www.myzappify.com/g2/en/assets/js/terms4403.js]
[www.myzappify.com/g2/en/terms.html]
[www.myzappify.com/g2/en/assets/js/ctrwowUtils-v3.0.0.minfe72.js]
[www.myzappify.com/g2/en/assets/css/policyfe72.css]
[www.myzappify.com/g2/en/assets/js/CTR_FP_TRACKING-v2.9.2.minfe72.js]
[www.myzappify.com/g2/en/policy.html]
[www.myzappify.com/g2/en/assets/js/policyfe72.js]
[www.myzappify.com/g2/en/assets/js/ctrwowUtils-v3.0.0.minc1e1.js]
[www.myzappify.com/g2/en/assets/css/contact-usc1e1.css]
[www.myzappify.com/g2/en/assets/js/CTR_FP_TRACKING-v2.9.2.minc1e1.js]
[www.myzappify.com/g2/en/assets/js/contact-usc1e1.js]
[www.myzappify.com/g2/en/contact-us.html]
[www.myzappify.com/g2/en/assets/css/undefined.html]
[www.myzappify.com/g2/en/assets/css/order55b4.css]
[www.myzappify.com/g2/en/assets/image/584ea331-0cd2-4c48-85d9-737f9dddfa0b/65290a6fd60860148c888480/17701661-df1b-4807-9856-231ec327d7dc/avenirnextltpro-regular.html]
[www.myzappify.com/g2/en/assets/image/584ea331-0cd2-4c48-85d9-737f9dddfa0b/65290a6fd60860148c888480/bff55712-f14a-4139-bb06-7965698d3f00/avenirnextltpro-medium.html]
[www.myzappify.com/g2/en/assets/image/584ea331-0cd2-4c48-85d9-737f9dddfa0b/65290a6fd60860148c888480/fccbfd58-65ca-4cfa-ba61-d65f4710d1ff/avenirnextltpro-bold.html]
[www.myzappify.com/g2/en/assets/image/584ea331-0cd2-4c48-85d9-737f9dddfa0b/6057ffee320ed30dfcfb719a/b3304523-8e5d-479f-bdf2-6c1e26f10fe2/avenirnext-demibold-03.html]
[www.myzappify.com/g2/en/assets/image/584ea331-0cd2-4c48-85d9-737f9dddfa0b/6057ffee320ed30dfcfb719a/d4813bb2-129c-4e21-ae08-71faa57f1e6b/avenir-next-regular.html]
[www.myzappify.com/g2/en/assets/image/584ea331-0cd2-4c48-85d9-737f9dddfa0b/65290a6fd60860148c888480/c4b44828-ccfb-4ec9-bd88-0870d36631db/helvetica.html]
[www.myzappify.com/g2/en/assets/js/ctrwowUtils-v3.0.0.min3304.js]
[www.myzappify.com/g2/en/assets/css/affiliate3304.css]
[www.myzappify.com/g2/en/assets/js/CTR_FP_TRACKING-v2.9.2.min3304.js]
[www.myzappify.com/g2/en/affiliate.html]
[www.myzappify.com/g2/en/assets/css/terms4403.css]
[www.myzappify.com/g2/en/index.html]
[www.myzappify.com/g2/en/assets/js/affiliate3304.js]
[www.myzappify.com/g2/en/assets/js/ctrwowUtils-v3.0.0.min28c6.js]
[www.myzappify.com/g2/en/assets/css/shipping-returns28c6.css]
[www.myzappify.com/g2/en/assets/js/CTR_FP_TRACKING-v2.9.2.min28c6.js]
[www.myzappify.com/g2/en/shipping-returns.html]
[www.myzappify.com/g2/en/assets/css/policyfe72.css]
[www.myzappify.com/g2/en/assets/css/contact-usc1e1.css]
[www.myzappify.com/g2/en/assets/css/affiliate3304.css]
[www.myzappify.com/g2/en/assets/css/shipping-returns28c6.css]
[www.myzappify.com/g2/en/assets/js/shipping-returns28c6.js]
